-- Logs begin at Fri 2023-08-18 09:05:20 +01, end at Thu 2023-10-26 16:32:04 +01. --
Oct 26 15:54:27 alpha-fcd74a88d0 sshd[94203]: Disconnected from authenticating user root 104.28.206.182 port 23443 [preauth]
Oct 26 15:54:27 alpha-fcd74a88d0 sshd[94201]: Failed password for invalid user usuario from 113.175.189.69 port 57286 ssh2
Oct 26 15:54:28 alpha-fcd74a88d0 sshd[94201]: Received disconnect from 113.175.189.69 port 57286:11: disconnected by user [preauth]
Oct 26 15:54:28 alpha-fcd74a88d0 sshd[94201]: Disconnected from invalid user usuario 113.175.189.69 port 57286 [preauth]
Oct 26 15:54:28 alpha-fcd74a88d0 sshd[94201]: [0;1;39m[0;1;31m[0;1;39mPAM 3 more authentication failures; logname= uid=0 euid=0 tty=ssh ruser= rhost=113.175.189.69[0m
Oct 26 15:54:28 alpha-fcd74a88d0 sshd[94201]: [0;1;39m[0;1;31m[0;1;39mPAM service(sshd) ignoring max retries; 4 > 3[0m
Oct 26 15:54:31 alpha-fcd74a88d0 sshd[94206]: Invalid user test from 113.175.189.69 port 57383
Oct 26 15:54:31 alpha-fcd74a88d0 sshd[94206]: [0;1;39m[0;1;31m[0;1;39mpam_unix(sshd:auth): check pass; user unknown[0m
Oct 26 15:54:31 alpha-fcd74a88d0 sshd[94206]: [0;1;39m[0;1;31m[0;1;39mpam_unix(sshd:auth): authentication failure; logname= uid=0 euid=0 tty=ssh ruser= rhost=113.175.189.69[0m
Oct 26 15:54:33 alpha-fcd74a88d0 sshd[94206]: Failed password for invalid user test from 113.175.189.69 port 57383 ssh2
Oct 26 15:54:36 alpha-fcd74a88d0 sshd[94206]: [0;1;39m[0;1;31m[0;1;39mpam_unix(sshd:auth): check pass; user unknown[0m
Oct 26 15:54:38 alpha-fcd74a88d0 sshd[94206]: Failed password for invalid user test from 113.175.189.69 port 57383 ssh2
Oct 26 15:54:41 alpha-fcd74a88d0 sshd[94206]: [0;1;39m[0;1;31m[0;1;39mpam_unix(sshd:auth): check pass; user unknown[0m
Oct 26 15:54:43 alpha-fcd74a88d0 sshd[94206]: Failed password for invalid user test from 113.175.189.69 port 57383 ssh2
Oct 26 15:54:43 alpha-fcd74a88d0 sshd[94206]: [0;1;39m[0;1;31m[0;1;39mpam_unix(sshd:auth): check pass; user unknown[0m
Oct 26 15:54:46 alpha-fcd74a88d0 sshd[94206]: Failed password for invalid user test from 113.175.189.69 port 57383 ssh2
Oct 26 15:54:48 alpha-fcd74a88d0 sshd[94206]: [0;1;39m[0;1;31m[0;1;39mpam_unix(sshd:auth): check pass; user unknown[0m
Oct 26 15:54:51 alpha-fcd74a88d0 sshd[94206]: Failed password for invalid user test from 113.175.189.69 port 57383 ssh2
Oct 26 15:54:53 alpha-fcd74a88d0 sshd[94206]: [0;1;39m[0;1;31m[0;1;39mpam_unix(sshd:auth): check pass; user unknown[0m
Oct 26 15:54:53 alpha-fcd74a88d0 sshd[94208]: [0;1;39m[0;1;31m[0;1;39mpam_unix(sshd:auth): authentication failure; logname= uid=0 euid=0 tty=ssh ruser= rhost=129.226.208.154  user=root[0m
Oct 26 15:54:56 alpha-fcd74a88d0 sshd[94206]: Failed password for invalid user test from 113.175.189.69 port 57383 ssh2
Oct 26 15:54:56 alpha-fcd74a88d0 sshd[94208]: Failed password for root from 129.226.208.154 port 41136 ssh2
Oct 26 15:54:58 alpha-fcd74a88d0 sshd[94206]: [0;1;31m[0;1;39m[0;1;31merror: maximum authentication attempts exceeded for invalid user test from 113.175.189.69 port 57383 ssh2 [preauth][0m
Oct 26 15:54:58 alpha-fcd74a88d0 sshd[94206]: Disconnecting invalid user test 113.175.189.69 port 57383: Too many authentication failures [preauth]
Oct 26 15:54:58 alpha-fcd74a88d0 sshd[94206]: [0;1;39m[0;1;31m[0;1;39mPAM 5 more authentication failures; logname= uid=0 euid=0 tty=ssh ruser= rhost=113.175.189.69[0m
Oct 26 15:54:58 alpha-fcd74a88d0 sshd[94206]: [0;1;39m[0;1;31m[0;1;39mPAM service(sshd) ignoring max retries; 6 > 3[0m
Oct 26 15:54:58 alpha-fcd74a88d0 sshd[94208]: Received disconnect from 129.226.208.154 port 41136:11: Bye Bye [preauth]
Oct 26 15:54:58 alpha-fcd74a88d0 sshd[94208]: Disconnected from authenticating user root 129.226.208.154 port 41136 [preauth]
Oct 26 15:55:02 alpha-fcd74a88d0 sshd[94210]: Invalid user test from 113.175.189.69 port 57595
Oct 26 15:55:02 alpha-fcd74a88d0 sshd[94210]: [0;1;39m[0;1;31m[0;1;39mpam_unix(sshd:auth): check pass; user unknown[0m
Oct 26 15:55:02 alpha-fcd74a88d0 sshd[94210]: [0;1;39m[0;1;31m[0;1;39mpam_unix(sshd:auth): authentication failure; logname= uid=0 euid=0 tty=ssh ruser= rhost=113.175.189.69[0m
Oct 26 15:55:04 alpha-fcd74a88d0 sshd[94212]: Invalid user pi from 183.109.213.146 port 62048
Oct 26 15:55:04 alpha-fcd74a88d0 sshd[94212]: [0;1;39m[0;1;31m[0;1;39mpam_unix(sshd:auth): check pass; user unknown[0m
Oct 26 15:55:04 alpha-fcd74a88d0 sshd[94212]: [0;1;39m[0;1;31m[0;1;39mpam_unix(sshd:auth): authentication failure; logname= uid=0 euid=0 tty=ssh ruser= rhost=183.109.213.146[0m
Oct 26 15:55:04 alpha-fcd74a88d0 sshd[94210]: Failed password for invalid user test from 113.175.189.69 port 57595 ssh2
Oct 26 15:55:05 alpha-fcd74a88d0 sshd[94210]: [0;1;39m[0;1;31m[0;1;39mpam_unix(sshd:auth): check pass; user unknown[0m
Oct 26 15:55:06 alpha-fcd74a88d0 sshd[94212]: Failed password for invalid user pi from 183.109.213.146 port 62048 ssh2
Oct 26 15:55:07 alpha-fcd74a88d0 sshd[94210]: Failed password for invalid user test from 113.175.189.69 port 57595 ssh2
Oct 26 15:55:07 alpha-fcd74a88d0 sshd[94212]: [0;1;39m[0;1;31m[0;1;39mpam_unix(sshd:auth): check pass; user unknown[0m
Oct 26 15:55:09 alpha-fcd74a88d0 sshd[94212]: Failed password for invalid user pi from 183.109.213.146 port 62048 ssh2
Oct 26 15:55:10 alpha-fcd74a88d0 sshd[94210]: [0;1;39m[0;1;31m[0;1;39mpam_unix(sshd:auth): check pass; user unknown[0m
Oct 26 15:55:12 alpha-fcd74a88d0 sshd[94210]: Failed password for invalid user test from 113.175.189.69 port 57595 ssh2
Oct 26 15:55:12 alpha-fcd74a88d0 sshd[94212]: [0;1;39m[0;1;31m[0;1;39mpam_unix(sshd:auth): check pass; user unknown[0m
Oct 26 15:55:14 alpha-fcd74a88d0 sshd[94212]: Failed password for invalid user pi from 183.109.213.146 port 62048 ssh2
Oct 26 15:55:14 alpha-fcd74a88d0 sshd[94210]: [0;1;39m[0;1;31m[0;1;39mpam_unix(sshd:auth): check pass; user unknown[0m
Oct 26 15:55:16 alpha-fcd74a88d0 sshd[94210]: Failed password for invalid user test from 113.175.189.69 port 57595 ssh2
Oct 26 15:55:17 alpha-fcd74a88d0 sshd[94210]: [0;1;39m[0;1;31m[0;1;39mpam_unix(sshd:auth): check pass; user unknown[0m
Oct 26 15:55:18 alpha-fcd74a88d0 sshd[94212]: [0;1;39m[0;1;31m[0;1;39mpam_unix(sshd:auth): check pass; user unknown[0m
Oct 26 15:55:19 alpha-fcd74a88d0 sshd[94210]: Failed password for invalid user test from 113.175.189.69 port 57595 ssh2
Oct 26 15:55:20 alpha-fcd74a88d0 sshd[94212]: Failed password for invalid user pi from 183.109.213.146 port 62048 ssh2
Oct 26 15:55:21 alpha-fcd74a88d0 sshd[94212]: Connection reset by invalid user pi 183.109.213.146 port 62048 [preauth]
Oct 26 15:55:21 alpha-fcd74a88d0 sshd[94212]: [0;1;39m[0;1;31m[0;1;39mPAM 3 more authentication failures; logname= uid=0 euid=0 tty=ssh ruser= rhost=183.109.213.146[0m
Oct 26 15:55:21 alpha-fcd74a88d0 sshd[94212]: [0;1;39m[0;1;31m[0;1;39mPAM service(sshd) ignoring max retries; 4 > 3[0m
Oct 26 15:55:22 alpha-fcd74a88d0 sshd[94210]: [0;1;39m[0;1;31m[0;1;39mpam_unix(sshd:auth): check pass; user unknown[0m
Oct 26 15:55:24 alpha-fcd74a88d0 sshd[94210]: Failed password for invalid user test from 113.175.189.69 port 57595 ssh2
Oct 26 15:55:27 alpha-fcd74a88d0 sshd[94210]: [0;1;31m[0;1;39m[0;1;31merror: maximum authentication attempts exceeded for invalid user test from 113.175.189.69 port 57595 ssh2 [preauth][0m
Oct 26 15:55:27 alpha-fcd74a88d0 sshd[94210]: Disconnecting invalid user test 113.175.189.69 port 57595: Too many authentication failures [preauth]
Oct 26 15:55:27 alpha-fcd74a88d0 sshd[94210]: [0;1;39m[0;1;31m[0;1;39mPAM 5 more authentication failures; logname= uid=0 euid=0 tty=ssh ruser= rhost=113.175.189.69[0m
Oct 26 15:55:27 alpha-fcd74a88d0 sshd[94210]: [0;1;39m[0;1;31m[0;1;39mPAM service(sshd) ignoring max retries; 6 > 3[0m
Oct 26 15:55:28 alpha-fcd74a88d0 sshd[94214]: [0;1;39m[0;1;31m[0;1;39mpam_unix(sshd:auth): authentication failure; logname= uid=0 euid=0 tty=ssh ruser= rhost=124.156.194.29  user=root[0m
Oct 26 15:55:30 alpha-fcd74a88d0 sshd[94214]: Failed password for root from 124.156.194.29 port 55706 ssh2
Oct 26 15:55:30 alpha-fcd74a88d0 sshd[94214]: Received disconnect from 124.156.194.29 port 55706:11: Bye Bye [preauth]
Oct 26 15:55:30 alpha-fcd74a88d0 sshd[94214]: Disconnected from authenticating user root 124.156.194.29 port 55706 [preauth]
Oct 26 15:55:31 alpha-fcd74a88d0 sshd[94218]: [0;1;39m[0;1;31m[0;1;39mpam_unix(sshd:auth): authentication failure; logname= uid=0 euid=0 tty=ssh ruser= rhost=164.90.138.56  user=root[0m
Oct 26 15:55:32 alpha-fcd74a88d0 sshd[94216]: Invalid user test from 113.175.189.69 port 57789
Oct 26 15:55:32 alpha-fcd74a88d0 sshd[94216]: [0;1;39m[0;1;31m[0;1;39mpam_unix(sshd:auth): check pass; user unknown[0m
Oct 26 15:55:32 alpha-fcd74a88d0 sshd[94216]: [0;1;39m[0;1;31m[0;1;39mpam_unix(sshd:auth): authentication failure; logname= uid=0 euid=0 tty=ssh ruser= rhost=113.175.189.69[0m
Oct 26 15:55:33 alpha-fcd74a88d0 sshd[94216]: Failed password for invalid user test from 113.175.189.69 port 57789 ssh2
Oct 26 15:55:34 alpha-fcd74a88d0 sshd[94218]: Failed password for root from 164.90.138.56 port 49928 ssh2
Oct 26 15:55:34 alpha-fcd74a88d0 sshd[94216]: [0;1;39m[0;1;31m[0;1;39mpam_unix(sshd:auth): check pass; user unknown[0m
Oct 26 15:55:36 alpha-fcd74a88d0 sshd[94218]: Received disconnect from 164.90.138.56 port 49928:11: Bye Bye [preauth]
Oct 26 15:55:36 alpha-fcd74a88d0 sshd[94218]: Disconnected from authenticating user root 164.90.138.56 port 49928 [preauth]
Oct 26 15:55:36 alpha-fcd74a88d0 sshd[94216]: Failed password for invalid user test from 113.175.189.69 port 57789 ssh2
Oct 26 15:55:37 alpha-fcd74a88d0 sshd[94216]: [0;1;39m[0;1;31m[0;1;39mpam_unix(sshd:auth): check pass; user unknown[0m
Oct 26 15:55:39 alpha-fcd74a88d0 sshd[94216]: Failed password for invalid user test from 113.175.189.69 port 57789 ssh2
Oct 26 15:55:42 alpha-fcd74a88d0 sshd[94216]: [0;1;39m[0;1;31m[0;1;39mpam_unix(sshd:auth): check pass; user unknown[0m
Oct 26 15:55:44 alpha-fcd74a88d0 sshd[94216]: Failed password for invalid user test from 113.175.189.69 port 57789 ssh2
Oct 26 15:55:45 alpha-fcd74a88d0 sshd[94220]: [0;1;39m[0;1;31m[0;1;39mpam_unix(sshd:auth): authentication failure; logname= uid=0 euid=0 tty=ssh ruser= rhost=193.57.210.68  user=root[0m
Oct 26 15:55:47 alpha-fcd74a88d0 sshd[94216]: Received disconnect from 113.175.189.69 port 57789:11: disconnected by user [preauth]
Oct 26 15:55:47 alpha-fcd74a88d0 sshd[94216]: Disconnected from invalid user test 113.175.189.69 port 57789 [preauth]
Oct 26 15:55:47 alpha-fcd74a88d0 sshd[94216]: [0;1;39m[0;1;31m[0;1;39mPAM 3 more authentication failures; logname= uid=0 euid=0 tty=ssh ruser= rhost=113.175.189.69[0m
Oct 26 15:55:47 alpha-fcd74a88d0 sshd[94216]: [0;1;39m[0;1;31m[0;1;39mPAM service(sshd) ignoring max retries; 4 > 3[0m
Oct 26 15:55:47 alpha-fcd74a88d0 sshd[94220]: Failed password for root from 193.57.210.68 port 42988 ssh2
Oct 26 15:55:47 alpha-fcd74a88d0 sshd[94220]: Received disconnect from 193.57.210.68 port 42988:11: Bye Bye [preauth]
Oct 26 15:55:47 alpha-fcd74a88d0 sshd[94220]: Disconnected from authenticating user root 193.57.210.68 port 42988 [preauth]
Oct 26 15:55:51 alpha-fcd74a88d0 sshd[94222]: Invalid user user from 113.175.189.69 port 57928
Oct 26 15:55:51 alpha-fcd74a88d0 sshd[94222]: [0;1;39m[0;1;31m[0;1;39mpam_unix(sshd:auth): check pass; user unknown[0m
Oct 26 15:55:51 alpha-fcd74a88d0 sshd[94222]: [0;1;39m[0;1;31m[0;1;39mpam_unix(sshd:auth): authentication failure; logname= uid=0 euid=0 tty=ssh ruser= rhost=113.175.189.69[0m
Oct 26 15:55:53 alpha-fcd74a88d0 sshd[94222]: Failed password for invalid user user from 113.175.189.69 port 57928 ssh2
Oct 26 15:55:53 alpha-fcd74a88d0 sshd[94222]: [0;1;39m[0;1;31m[0;1;39mpam_unix(sshd:auth): check pass; user unknown[0m
Oct 26 15:55:56 alpha-fcd74a88d0 sshd[94222]: Failed password for invalid user user from 113.175.189.69 port 57928 ssh2
Oct 26 15:55:57 alpha-fcd74a88d0 sshd[94222]: [0;1;39m[0;1;31m[0;1;39mpam_unix(sshd:auth): check pass; user unknown[0m
Oct 26 15:55:59 alpha-fcd74a88d0 sshd[94222]: Failed password for invalid user user from 113.175.189.69 port 57928 ssh2
Oct 26 15:56:01 alpha-fcd74a88d0 sshd[94222]: [0;1;39m[0;1;31m[0;1;39mpam_unix(sshd:auth): check pass; user unknown[0m
Oct 26 15:56:03 alpha-fcd74a88d0 sshd[94222]: Failed password for invalid user user from 113.175.189.69 port 57928 ssh2
Oct 26 15:56:05 alpha-fcd74a88d0 sshd[94222]: [0;1;39m[0;1;31m[0;1;39mpam_unix(sshd:auth): check pass; user unknown[0m
Oct 26 15:56:07 alpha-fcd74a88d0 sshd[94222]: Failed password for invalid user user from 113.175.189.69 port 57928 ssh2
Oct 26 15:56:08 alpha-fcd74a88d0 sshd[94222]: [0;1;39m[0;1;31m[0;1;39mpam_unix(sshd:auth): check pass; user unknown[0m
Oct 26 15:56:10 alpha-fcd74a88d0 sshd[94222]: Failed password for invalid user user from 113.175.189.69 port 57928 ssh2
Oct 26 15:56:12 alpha-fcd74a88d0 sshd[94222]: [0;1;31m[0;1;39m[0;1;31merror: maximum authentication attempts exceeded for invalid user user from 113.175.189.69 port 57928 ssh2 [preauth][0m
Oct 26 15:56:12 alpha-fcd74a88d0 sshd[94222]: Disconnecting invalid user user 113.175.189.69 port 57928: Too many authentication failures [preauth]
Oct 26 15:56:12 alpha-fcd74a88d0 sshd[94222]: [0;1;39m[0;1;31m[0;1;39mPAM 5 more authentication failures; logname= uid=0 euid=0 tty=ssh ruser= rhost=113.175.189.69[0m
Oct 26 15:56:12 alpha-fcd74a88d0 sshd[94222]: [0;1;39m[0;1;31m[0;1;39mPAM service(sshd) ignoring max retries; 6 > 3[0m
Oct 26 15:56:15 alpha-fcd74a88d0 sshd[94224]: Invalid user user from 113.175.189.69 port 58111
Oct 26 15:56:15 alpha-fcd74a88d0 sshd[94224]: [0;1;39m[0;1;31m[0;1;39mpam_unix(sshd:auth): check pass; user unknown[0m
Oct 26 15:56:15 alpha-fcd74a88d0 sshd[94224]: [0;1;39m[0;1;31m[0;1;39mpam_unix(sshd:auth): authentication failure; logname= uid=0 euid=0 tty=ssh ruser= rhost=113.175.189.69[0m
Oct 26 15:56:18 alpha-fcd74a88d0 sshd[94224]: Failed password for invalid user user from 113.175.189.69 port 58111 ssh2
Oct 26 15:56:19 alpha-fcd74a88d0 sshd[94224]: [0;1;39m[0;1;31m[0;1;39mpam_unix(sshd:auth): check pass; user unknown[0m
Oct 26 15:56:21 alpha-fcd74a88d0 sshd[94224]: Failed password for invalid user user from 113.175.189.69 port 58111 ssh2
Oct 26 15:56:23 alpha-fcd74a88d0 sshd[94224]: [0;1;39m[0;1;31m[0;1;39mpam_unix(sshd:auth): check pass; user unknown[0m
Oct 26 15:56:25 alpha-fcd74a88d0 sshd[94224]: Failed password for invalid user user from 113.175.189.69 port 58111 ssh2
Oct 26 15:56:27 alpha-fcd74a88d0 sshd[94224]: [0;1;39m[0;1;31m[0;1;39mpam_unix(sshd:auth): check pass; user unknown[0m
Oct 26 15:56:29 alpha-fcd74a88d0 sshd[94224]: Failed password for invalid user user from 113.175.189.69 port 58111 ssh2
Oct 26 15:56:30 alpha-fcd74a88d0 sshd[94224]: [0;1;39m[0;1;31m[0;1;39mpam_unix(sshd:auth): check pass; user unknown[0m
Oct 26 15:56:33 alpha-fcd74a88d0 sshd[94224]: Failed password for invalid user user from 113.175.189.69 port 58111 ssh2
Oct 26 15:56:34 alpha-fcd74a88d0 sshd[94224]: [0;1;39m[0;1;31m[0;1;39mpam_unix(sshd:auth): check pass; user unknown[0m
Oct 26 15:56:36 alpha-fcd74a88d0 sshd[94226]: [0;1;39m[0;1;31m[0;1;39mpam_unix(sshd:auth): authentication failure; logname= uid=0 euid=0 tty=ssh ruser= rhost=129.226.208.154  user=root[0m
Oct 26 15:56:36 alpha-fcd74a88d0 sshd[94224]: Failed password for invalid user user from 113.175.189.69 port 58111 ssh2
Oct 26 15:56:38 alpha-fcd74a88d0 sshd[94224]: [0;1;31m[0;1;39m[0;1;31merror: maximum authentication attempts exceeded for invalid user user from 113.175.189.69 port 58111 ssh2 [preauth][0m
Oct 26 15:56:38 alpha-fcd74a88d0 sshd[94224]: Disconnecting invalid user user 113.175.189.69 port 58111: Too many authentication failures [preauth]
Oct 26 15:56:38 alpha-fcd74a88d0 sshd[94224]: [0;1;39m[0;1;31m[0;1;39mPAM 5 more authentication failures; logname= uid=0 euid=0 tty=ssh ruser= rhost=113.175.189.69[0m
Oct 26 15:56:38 alpha-fcd74a88d0 sshd[94224]: [0;1;39m[0;1;31m[0;1;39mPAM service(sshd) ignoring max retries; 6 > 3[0m
Oct 26 15:56:38 alpha-fcd74a88d0 sshd[94226]: Failed password for root from 129.226.208.154 port 55654 ssh2
Oct 26 15:56:39 alpha-fcd74a88d0 sshd[94226]: Received disconnect from 129.226.208.154 port 55654:11: Bye Bye [preauth]
Oct 26 15:56:39 alpha-fcd74a88d0 sshd[94226]: Disconnected from authenticating user root 129.226.208.154 port 55654 [preauth]
Oct 26 15:56:40 alpha-fcd74a88d0 sshd[94228]: Invalid user user from 113.175.189.69 port 58280
Oct 26 15:56:40 alpha-fcd74a88d0 sshd[94228]: [0;1;39m[0;1;31m[0;1;39mpam_unix(sshd:auth): check pass; user unknown[0m
Oct 26 15:56:40 alpha-fcd74a88d0 sshd[94228]: [0;1;39m[0;1;31m[0;1;39mpam_unix(sshd:auth): authentication failure; logname= uid=0 euid=0 tty=ssh ruser= rhost=113.175.189.69[0m
Oct 26 15:56:43 alpha-fcd74a88d0 sshd[94228]: Failed password for invalid user user from 113.175.189.69 port 58280 ssh2
Oct 26 15:56:44 alpha-fcd74a88d0 sshd[94228]: [0;1;39m[0;1;31m[0;1;39mpam_unix(sshd:auth): check pass; user unknown[0m
Oct 26 15:56:46 alpha-fcd74a88d0 sshd[94228]: Failed password for invalid user user from 113.175.189.69 port 58280 ssh2
Oct 26 15:56:48 alpha-fcd74a88d0 sshd[94228]: [0;1;39m[0;1;31m[0;1;39mpam_unix(sshd:auth): check pass; user unknown[0m
Oct 26 15:56:49 alpha-fcd74a88d0 sshd[94228]: Failed password for invalid user user from 113.175.189.69 port 58280 ssh2
Oct 26 15:56:50 alpha-fcd74a88d0 sshd[94228]: [0;1;39m[0;1;31m[0;1;39mpam_unix(sshd:auth): check pass; user unknown[0m
Oct 26 15:56:52 alpha-fcd74a88d0 sshd[94228]: Failed password for invalid user user from 113.175.189.69 port 58280 ssh2
Oct 26 15:56:54 alpha-fcd74a88d0 sshd[94228]: Received disconnect from 113.175.189.69 port 58280:11: disconnected by user [preauth]
Oct 26 15:56:54 alpha-fcd74a88d0 sshd[94228]: Disconnected from invalid user user 113.175.189.69 port 58280 [preauth]
Oct 26 15:56:54 alpha-fcd74a88d0 sshd[94228]: [0;1;39m[0;1;31m[0;1;39mPAM 3 more authentication failures; logname= uid=0 euid=0 tty=ssh ruser= rhost=113.175.189.69[0m
Oct 26 15:56:54 alpha-fcd74a88d0 sshd[94228]: [0;1;39m[0;1;31m[0;1;39mPAM service(sshd) ignoring max retries; 4 > 3[0m
Oct 26 15:56:56 alpha-fcd74a88d0 sshd[94230]: Invalid user ftpuser from 113.175.189.69 port 58377
Oct 26 15:56:56 alpha-fcd74a88d0 sshd[94230]: [0;1;39m[0;1;31m[0;1;39mpam_unix(sshd:auth): check pass; user unknown[0m
Oct 26 15:56:56 alpha-fcd74a88d0 sshd[94230]: [0;1;39m[0;1;31m[0;1;39mpam_unix(sshd:auth): authentication failure; logname= uid=0 euid=0 tty=ssh ruser= rhost=113.175.189.69[0m
Oct 26 15:56:58 alpha-fcd74a88d0 sshd[94230]: Failed password for invalid user ftpuser from 113.175.189.69 port 58377 ssh2
Oct 26 15:57:00 alpha-fcd74a88d0 sshd[94230]: [0;1;39m[0;1;31m[0;1;39mpam_unix(sshd:auth): check pass; user unknown[0m
Oct 26 15:57:01 alpha-fcd74a88d0 sshd[94232]: [0;1;39m[0;1;31m[0;1;39mpam_unix(sshd:auth): authentication failure; logname= uid=0 euid=0 tty=ssh ruser= rhost=124.156.194.29  user=root[0m
Oct 26 15:57:02 alpha-fcd74a88d0 sshd[94230]: Failed password for invalid user ftpuser from 113.175.189.69 port 58377 ssh2
Oct 26 15:57:03 alpha-fcd74a88d0 sshd[94232]: Failed password for root from 124.156.194.29 port 54134 ssh2
Oct 26 15:57:03 alpha-fcd74a88d0 sshd[94232]: Received disconnect from 124.156.194.29 port 54134:11: Bye Bye [preauth]
Oct 26 15:57:03 alpha-fcd74a88d0 sshd[94232]: Disconnected from authenticating user root 124.156.194.29 port 54134 [preauth]
Oct 26 15:57:04 alpha-fcd74a88d0 sshd[94230]: [0;1;39m[0;1;31m[0;1;39mpam_unix(sshd:auth): check pass; user unknown[0m
Oct 26 15:57:04 alpha-fcd74a88d0 sshd[94235]: [0;1;39m[0;1;31m[0;1;39mpam_unix(sshd:auth): authentication failure; logname= uid=0 euid=0 tty=ssh ruser= rhost=104.28.238.182  user=root[0m
Oct 26 15:57:06 alpha-fcd74a88d0 sshd[94230]: Failed password for invalid user ftpuser from 113.175.189.69 port 58377 ssh2
Oct 26 15:57:07 alpha-fcd74a88d0 sshd[94235]: Failed password for root from 104.28.238.182 port 50636 ssh2
Oct 26 15:57:07 alpha-fcd74a88d0 sshd[94230]: [0;1;39m[0;1;31m[0;1;39mpam_unix(sshd:auth): check pass; user unknown[0m
Oct 26 15:57:09 alpha-fcd74a88d0 sshd[94235]: Received disconnect from 104.28.238.182 port 50636:11: Bye Bye [preauth]
Oct 26 15:57:09 alpha-fcd74a88d0 sshd[94235]: Disconnected from authenticating user root 104.28.238.182 port 50636 [preauth]
Oct 26 15:57:10 alpha-fcd74a88d0 sshd[94230]: Failed password for invalid user ftpuser from 113.175.189.69 port 58377 ssh2
Oct 26 15:57:11 alpha-fcd74a88d0 sshd[94230]: [0;1;39m[0;1;31m[0;1;39mpam_unix(sshd:auth): check pass; user unknown[0m
Oct 26 15:57:13 alpha-fcd74a88d0 sshd[94230]: Failed password for invalid user ftpuser from 113.175.189.69 port 58377 ssh2
Oct 26 15:57:13 alpha-fcd74a88d0 sshd[94230]: [0;1;39m[0;1;31m[0;1;39mpam_unix(sshd:auth): check pass; user unknown[0m
Oct 26 15:57:15 alpha-fcd74a88d0 sshd[94230]: Failed password for invalid user ftpuser from 113.175.189.69 port 58377 ssh2
Oct 26 15:57:15 alpha-fcd74a88d0 sshd[94237]: [0;1;39m[0;1;31m[0;1;39mpam_unix(sshd:auth): authentication failure; logname= uid=0 euid=0 tty=ssh ruser= rhost=193.57.210.68  user=root[0m
Oct 26 15:57:17 alpha-fcd74a88d0 sshd[94230]: [0;1;31m[0;1;39m[0;1;31merror: maximum authentication attempts exceeded for invalid user ftpuser from 113.175.189.69 port 58377 ssh2 [preauth][0m
Oct 26 15:57:17 alpha-fcd74a88d0 sshd[94230]: Disconnecting invalid user ftpuser 113.175.189.69 port 58377: Too many authentication failures [preauth]
Oct 26 15:57:17 alpha-fcd74a88d0 sshd[94230]: [0;1;39m[0;1;31m[0;1;39mPAM 5 more authentication failures; logname= uid=0 euid=0 tty=ssh ruser= rhost=113.175.189.69[0m
Oct 26 15:57:17 alpha-fcd74a88d0 sshd[94230]: [0;1;39m[0;1;31m[0;1;39mPAM service(sshd) ignoring max retries; 6 > 3[0m
Oct 26 15:57:18 alpha-fcd74a88d0 sshd[94237]: Failed password for root from 193.57.210.68 port 46146 ssh2
Oct 26 15:57:20 alpha-fcd74a88d0 sshd[94237]: Received disconnect from 193.57.210.68 port 46146:11: Bye Bye [preauth]
Oct 26 15:57:20 alpha-fcd74a88d0 sshd[94237]: Disconnected from authenticating user root 193.57.210.68 port 46146 [preauth]
Oct 26 15:57:21 alpha-fcd74a88d0 sshd[94239]: Invalid user ftpuser from 113.175.189.69 port 58541
Oct 26 15:57:21 alpha-fcd74a88d0 sshd[94239]: [0;1;39m[0;1;31m[0;1;39mpam_unix(sshd:auth): check pass; user unknown[0m
Oct 26 15:57:21 alpha-fcd74a88d0 sshd[94239]: [0;1;39m[0;1;31m[0;1;39mpam_unix(sshd:auth): authentication failure; logname= uid=0 euid=0 tty=ssh ruser= rhost=113.175.189.69[0m
Oct 26 15:57:23 alpha-fcd74a88d0 sshd[94239]: Failed password for invalid user ftpuser from 113.175.189.69 port 58541 ssh2
Oct 26 15:57:24 alpha-fcd74a88d0 sshd[94239]: [0;1;39m[0;1;31m[0;1;39mpam_unix(sshd:auth): check pass; user unknown[0m
Oct 26 15:57:26 alpha-fcd74a88d0 sshd[94239]: Failed password for invalid user ftpuser from 113.175.189.69 port 58541 ssh2
Oct 26 15:57:28 alpha-fcd74a88d0 sshd[94239]: [0;1;39m[0;1;31m[0;1;39mpam_unix(sshd:auth): check pass; user unknown[0m
Oct 26 15:57:31 alpha-fcd74a88d0 sshd[94239]: Failed password for invalid user ftpuser from 113.175.189.69 port 58541 ssh2
Oct 26 15:57:32 alpha-fcd74a88d0 sshd[94239]: [0;1;39m[0;1;31m[0;1;39mpam_unix(sshd:auth): check pass; user unknown[0m
Oct 26 15:57:33 alpha-fcd74a88d0 sshd[94239]: Failed password for invalid user ftpuser from 113.175.189.69 port 58541 ssh2
Oct 26 15:57:34 alpha-fcd74a88d0 sshd[94239]: [0;1;39m[0;1;31m[0;1;39mpam_unix(sshd:auth): check pass; user unknown[0m
Oct 26 15:57:36 alpha-fcd74a88d0 sshd[94239]: Failed password for invalid user ftpuser from 113.175.189.69 port 58541 ssh2
Oct 26 15:57:38 alpha-fcd74a88d0 sshd[94239]: [0;1;39m[0;1;31m[0;1;39mpam_unix(sshd:auth): check pass; user unknown[0m
Oct 26 15:57:40 alpha-fcd74a88d0 sshd[94239]: Failed password for invalid user ftpuser from 113.175.189.69 port 58541 ssh2
Oct 26 15:57:41 alpha-fcd74a88d0 sshd[94239]: [0;1;31m[0;1;39m[0;1;31merror: maximum authentication attempts exceeded for invalid user ftpuser from 113.175.189.69 port 58541 ssh2 [preauth][0m
Oct 26 15:57:41 alpha-fcd74a88d0 sshd[94239]: Disconnecting invalid user ftpuser 113.175.189.69 port 58541: Too many authentication failures [preauth]
Oct 26 15:57:41 alpha-fcd74a88d0 sshd[94239]: [0;1;39m[0;1;31m[0;1;39mPAM 5 more authentication failures; logname= uid=0 euid=0 tty=ssh ruser= rhost=113.175.189.69[0m
Oct 26 15:57:41 alpha-fcd74a88d0 sshd[94239]: [0;1;39m[0;1;31m[0;1;39mPAM service(sshd) ignoring max retries; 6 > 3[0m
Oct 26 15:57:44 alpha-fcd74a88d0 sshd[94242]: Invalid user ftpuser from 113.175.189.69 port 58713
Oct 26 15:57:44 alpha-fcd74a88d0 sshd[94242]: [0;1;39m[0;1;31m[0;1;39mpam_unix(sshd:auth): check pass; user unknown[0m
Oct 26 15:57:44 alpha-fcd74a88d0 sshd[94242]: [0;1;39m[0;1;31m[0;1;39mpam_unix(sshd:auth): authentication failure; logname= uid=0 euid=0 tty=ssh ruser= rhost=113.175.189.69[0m
Oct 26 15:57:46 alpha-fcd74a88d0 sshd[94242]: Failed password for invalid user ftpuser from 113.175.189.69 port 58713 ssh2
Oct 26 15:57:48 alpha-fcd74a88d0 sshd[94242]: [0;1;39m[0;1;31m[0;1;39mpam_unix(sshd:auth): check pass; user unknown[0m
Oct 26 15:57:49 alpha-fcd74a88d0 sshd[94242]: Failed password for invalid user ftpuser from 113.175.189.69 port 58713 ssh2
Oct 26 15:57:52 alpha-fcd74a88d0 sshd[94242]: [0;1;39m[0;1;31m[0;1;39mpam_unix(sshd:auth): check pass; user unknown[0m
Oct 26 15:57:54 alpha-fcd74a88d0 sshd[94242]: Failed password for invalid user ftpuser from 113.175.189.69 port 58713 ssh2
Oct 26 15:57:54 alpha-fcd74a88d0 sshd[94244]: [0;1;39m[0;1;31m[0;1;39mpam_unix(sshd:auth): authentication failure; logname= uid=0 euid=0 tty=ssh ruser= rhost=164.90.138.56  user=root[0m
Oct 26 15:57:55 alpha-fcd74a88d0 sshd[94242]: [0;1;39m[0;1;31m[0;1;39mpam_unix(sshd:auth): check pass; user unknown[0m
Oct 26 15:57:56 alpha-fcd74a88d0 sshd[94244]: Failed password for root from 164.90.138.56 port 44584 ssh2
Oct 26 15:57:57 alpha-fcd74a88d0 sshd[94244]: Received disconnect from 164.90.138.56 port 44584:11: Bye Bye [preauth]
Oct 26 15:57:57 alpha-fcd74a88d0 sshd[94244]: Disconnected from authenticating user root 164.90.138.56 port 44584 [preauth]
Oct 26 15:57:57 alpha-fcd74a88d0 sshd[94242]: Failed password for invalid user ftpuser from 113.175.189.69 port 58713 ssh2
Oct 26 15:57:59 alpha-fcd74a88d0 sshd[94242]: Received disconnect from 113.175.189.69 port 58713:11: disconnected by user [preauth]
Oct 26 15:57:59 alpha-fcd74a88d0 sshd[94242]: Disconnected from invalid user ftpuser 113.175.189.69 port 58713 [preauth]
Oct 26 15:57:59 alpha-fcd74a88d0 sshd[94242]: [0;1;39m[0;1;31m[0;1;39mPAM 3 more authentication failures; logname= uid=0 euid=0 tty=ssh ruser= rhost=113.175.189.69[0m
Oct 26 15:57:59 alpha-fcd74a88d0 sshd[94242]: [0;1;39m[0;1;31m[0;1;39mPAM service(sshd) ignoring max retries; 4 > 3[0m
Oct 26 15:58:02 alpha-fcd74a88d0 sshd[94246]: Invalid user test1 from 113.175.189.69 port 58836
Oct 26 15:58:02 alpha-fcd74a88d0 sshd[94246]: [0;1;39m[0;1;31m[0;1;39mpam_unix(sshd:auth): check pass; user unknown[0m
Oct 26 15:58:02 alpha-fcd74a88d0 sshd[94246]: [0;1;39m[0;1;31m[0;1;39mpam_unix(sshd:auth): authentication failure; logname= uid=0 euid=0 tty=ssh ruser= rhost=113.175.189.69[0m
Oct 26 15:58:04 alpha-fcd74a88d0 sshd[94246]: Failed password for invalid user test1 from 113.175.189.69 port 58836 ssh2
Oct 26 15:58:05 alpha-fcd74a88d0 sshd[94246]: [0;1;39m[0;1;31m[0;1;39mpam_unix(sshd:auth): check pass; user unknown[0m
Oct 26 15:58:06 alpha-fcd74a88d0 sshd[94246]: Failed password for invalid user test1 from 113.175.189.69 port 58836 ssh2
Oct 26 15:58:07 alpha-fcd74a88d0 sshd[94246]: [0;1;39m[0;1;31m[0;1;39mpam_unix(sshd:auth): check pass; user unknown[0m
Oct 26 15:58:09 alpha-fcd74a88d0 sshd[94246]: Failed password for invalid user test1 from 113.175.189.69 port 58836 ssh2
Oct 26 15:58:10 alpha-fcd74a88d0 sshd[94246]: [0;1;39m[0;1;31m[0;1;39mpam_unix(sshd:auth): check pass; user unknown[0m
Oct 26 15:58:12 alpha-fcd74a88d0 sshd[94246]: Failed password for invalid user test1 from 113.175.189.69 port 58836 ssh2
Oct 26 15:58:12 alpha-fcd74a88d0 sshd[94246]: [0;1;39m[0;1;31m[0;1;39mpam_unix(sshd:auth): check pass; user unknown[0m
Oct 26 15:58:14 alpha-fcd74a88d0 sshd[94246]: Failed password for invalid user test1 from 113.175.189.69 port 58836 ssh2
Oct 26 15:58:15 alpha-fcd74a88d0 sshd[94246]: [0;1;39m[0;1;31m[0;1;39mpam_unix(sshd:auth): check pass; user unknown[0m
Oct 26 15:58:15 alpha-fcd74a88d0 sshd[94249]: [0;1;39m[0;1;31m[0;1;39mpam_unix(sshd:auth): authentication failure; logname= uid=0 euid=0 tty=ssh ruser= rhost=129.226.208.154  user=root[0m
Oct 26 15:58:17 alpha-fcd74a88d0 sshd[94246]: Failed password for invalid user test1 from 113.175.189.69 port 58836 ssh2
Oct 26 15:58:18 alpha-fcd74a88d0 sshd[94249]: Failed password for root from 129.226.208.154 port 39706 ssh2
Oct 26 15:58:19 alpha-fcd74a88d0 sshd[94246]: [0;1;31m[0;1;39m[0;1;31merror: maximum authentication attempts exceeded for invalid user test1 from 113.175.189.69 port 58836 ssh2 [preauth][0m
Oct 26 15:58:19 alpha-fcd74a88d0 sshd[94246]: Disconnecting invalid user test1 113.175.189.69 port 58836: Too many authentication failures [preauth]
Oct 26 15:58:19 alpha-fcd74a88d0 sshd[94246]: [0;1;39m[0;1;31m[0;1;39mPAM 5 more authentication failures; logname= uid=0 euid=0 tty=ssh ruser= rhost=113.175.189.69[0m
Oct 26 15:58:19 alpha-fcd74a88d0 sshd[94246]: [0;1;39m[0;1;31m[0;1;39mPAM service(sshd) ignoring max retries; 6 > 3[0m
Oct 26 15:58:20 alpha-fcd74a88d0 sshd[94249]: Received disconnect from 129.226.208.154 port 39706:11: Bye Bye [preauth]
Oct 26 15:58:20 alpha-fcd74a88d0 sshd[94249]: Disconnected from authenticating user root 129.226.208.154 port 39706 [preauth]
Oct 26 15:58:24 alpha-fcd74a88d0 sshd[94251]: Invalid user test1 from 113.175.189.69 port 58980
Oct 26 15:58:24 alpha-fcd74a88d0 sshd[94251]: [0;1;39m[0;1;31m[0;1;39mpam_unix(sshd:auth): check pass; user unknown[0m
Oct 26 15:58:24 alpha-fcd74a88d0 sshd[94251]: [0;1;39m[0;1;31m[0;1;39mpam_unix(sshd:auth): authentication failure; logname= uid=0 euid=0 tty=ssh ruser= rhost=113.175.189.69[0m
Oct 26 15:58:26 alpha-fcd74a88d0 sshd[94251]: Failed password for invalid user test1 from 113.175.189.69 port 58980 ssh2
Oct 26 15:58:26 alpha-fcd74a88d0 sshd[94251]: [0;1;39m[0;1;31m[0;1;39mpam_unix(sshd:auth): check pass; user unknown[0m
Oct 26 15:58:29 alpha-fcd74a88d0 sshd[94251]: Failed password for invalid user test1 from 113.175.189.69 port 58980 ssh2
Oct 26 15:58:31 alpha-fcd74a88d0 sshd[94251]: [0;1;39m[0;1;31m[0;1;39mpam_unix(sshd:auth): check pass; user unknown[0m
Oct 26 15:58:33 alpha-fcd74a88d0 sshd[94251]: Failed password for invalid user test1 from 113.175.189.69 port 58980 ssh2
Oct 26 15:58:33 alpha-fcd74a88d0 sshd[94253]: Invalid user ubuntu from 124.156.194.29 port 52526
Oct 26 15:58:33 alpha-fcd74a88d0 sshd[94253]: [0;1;39m[0;1;31m[0;1;39mpam_unix(sshd:auth): check pass; user unknown[0m
Oct 26 15:58:33 alpha-fcd74a88d0 sshd[94253]: [0;1;39m[0;1;31m[0;1;39mpam_unix(sshd:auth): authentication failure; logname= uid=0 euid=0 tty=ssh ruser= rhost=124.156.194.29[0m
Oct 26 15:58:34 alpha-fcd74a88d0 sshd[94251]: [0;1;39m[0;1;31m[0;1;39mpam_unix(sshd:auth): check pass; user unknown[0m
Oct 26 15:58:34 alpha-fcd74a88d0 sshd[94253]: Failed password for invalid user ubuntu from 124.156.194.29 port 52526 ssh2
Oct 26 15:58:35 alpha-fcd74a88d0 sshd[94251]: Failed password for invalid user test1 from 113.175.189.69 port 58980 ssh2
Oct 26 15:58:36 alpha-fcd74a88d0 sshd[94251]: [0;1;39m[0;1;31m[0;1;39mpam_unix(sshd:auth): check pass; user unknown[0m
Oct 26 15:58:36 alpha-fcd74a88d0 sshd[94253]: Received disconnect from 124.156.194.29 port 52526:11: Bye Bye [preauth]
Oct 26 15:58:36 alpha-fcd74a88d0 sshd[94253]: Disconnected from invalid user ubuntu 124.156.194.29 port 52526 [preauth]
Oct 26 15:58:38 alpha-fcd74a88d0 sshd[94251]: Failed password for invalid user test1 from 113.175.189.69 port 58980 ssh2
Oct 26 15:58:39 alpha-fcd74a88d0 sshd[94251]: [0;1;39m[0;1;31m[0;1;39mpam_unix(sshd:auth): check pass; user unknown[0m
Oct 26 15:58:41 alpha-fcd74a88d0 sshd[94251]: Failed password for invalid user test1 from 113.175.189.69 port 58980 ssh2
Oct 26 15:58:41 alpha-fcd74a88d0 sshd[94251]: [0;1;31m[0;1;39m[0;1;31merror: maximum authentication attempts exceeded for invalid user test1 from 113.175.189.69 port 58980 ssh2 [preauth][0m
Oct 26 15:58:41 alpha-fcd74a88d0 sshd[94251]: Disconnecting invalid user test1 113.175.189.69 port 58980: Too many authentication failures [preauth]
Oct 26 15:58:41 alpha-fcd74a88d0 sshd[94251]: [0;1;39m[0;1;31m[0;1;39mPAM 5 more authentication failures; logname= uid=0 euid=0 tty=ssh ruser= rhost=113.175.189.69[0m
Oct 26 15:58:41 alpha-fcd74a88d0 sshd[94251]: [0;1;39m[0;1;31m[0;1;39mPAM service(sshd) ignoring max retries; 6 > 3[0m
Oct 26 15:58:45 alpha-fcd74a88d0 sshd[94257]: [0;1;39m[0;1;31m[0;1;39mpam_unix(sshd:auth): authentication failure; logname= uid=0 euid=0 tty=ssh ruser= rhost=193.57.210.68  user=root[0m
Oct 26 15:58:45 alpha-fcd74a88d0 sshd[94255]: Invalid user test1 from 113.175.189.69 port 59118
Oct 26 15:58:45 alpha-fcd74a88d0 sshd[94255]: [0;1;39m[0;1;31m[0;1;39mpam_unix(sshd:auth): check pass; user unknown[0m
Oct 26 15:58:45 alpha-fcd74a88d0 sshd[94255]: [0;1;39m[0;1;31m[0;1;39mpam_unix(sshd:auth): authentication failure; logname= uid=0 euid=0 tty=ssh ruser= rhost=113.175.189.69[0m
Oct 26 15:58:46 alpha-fcd74a88d0 sshd[94257]: Failed password for root from 193.57.210.68 port 54618 ssh2
Oct 26 15:58:47 alpha-fcd74a88d0 sshd[94255]: Failed password for invalid user test1 from 113.175.189.69 port 59118 ssh2
Oct 26 15:58:47 alpha-fcd74a88d0 sshd[94257]: Received disconnect from 193.57.210.68 port 54618:11: Bye Bye [preauth]
Oct 26 15:58:47 alpha-fcd74a88d0 sshd[94257]: Disconnected from authenticating user root 193.57.210.68 port 54618 [preauth]
Oct 26 15:58:48 alpha-fcd74a88d0 sshd[94255]: [0;1;39m[0;1;31m[0;1;39mpam_unix(sshd:auth): check pass; user unknown[0m
Oct 26 15:58:50 alpha-fcd74a88d0 sshd[94255]: Failed password for invalid user test1 from 113.175.189.69 port 59118 ssh2
Oct 26 15:58:50 alpha-fcd74a88d0 sshd[94255]: [0;1;39m[0;1;31m[0;1;39mpam_unix(sshd:auth): check pass; user unknown[0m
Oct 26 15:58:52 alpha-fcd74a88d0 sshd[94255]: Failed password for invalid user test1 from 113.175.189.69 port 59118 ssh2
Oct 26 15:58:53 alpha-fcd74a88d0 sshd[94255]: [0;1;39m[0;1;31m[0;1;39mpam_unix(sshd:auth): check pass; user unknown[0m
Oct 26 15:58:54 alpha-fcd74a88d0 sshd[94255]: Failed password for invalid user test1 from 113.175.189.69 port 59118 ssh2
Oct 26 15:58:55 alpha-fcd74a88d0 sshd[94255]: Received disconnect from 113.175.189.69 port 59118:11: disconnected by user [preauth]
Oct 26 15:58:55 alpha-fcd74a88d0 sshd[94255]: Disconnected from invalid user test1 113.175.189.69 port 59118 [preauth]
Oct 26 15:58:55 alpha-fcd74a88d0 sshd[94255]: [0;1;39m[0;1;31m[0;1;39mPAM 3 more authentication failures; logname= uid=0 euid=0 tty=ssh ruser= rhost=113.175.189.69[0m
Oct 26 15:58:55 alpha-fcd74a88d0 sshd[94255]: [0;1;39m[0;1;31m[0;1;39mPAM service(sshd) ignoring max retries; 4 > 3[0m
Oct 26 15:58:58 alpha-fcd74a88d0 sshd[94259]: Invalid user test2 from 113.175.189.69 port 59200
Oct 26 15:58:58 alpha-fcd74a88d0 sshd[94259]: [0;1;39m[0;1;31m[0;1;39mpam_unix(sshd:auth): check pass; user unknown[0m
Oct 26 15:58:58 alpha-fcd74a88d0 sshd[94259]: [0;1;39m[0;1;31m[0;1;39mpam_unix(sshd:auth): authentication failure; logname= uid=0 euid=0 tty=ssh ruser= rhost=113.175.189.69[0m
Oct 26 15:59:00 alpha-fcd74a88d0 sshd[94259]: Failed password for invalid user test2 from 113.175.189.69 port 59200 ssh2
Oct 26 15:59:01 alpha-fcd74a88d0 sshd[94259]: [0;1;39m[0;1;31m[0;1;39mpam_unix(sshd:auth): check pass; user unknown[0m
Oct 26 15:59:03 alpha-fcd74a88d0 sshd[94259]: Failed password for invalid user test2 from 113.175.189.69 port 59200 ssh2
Oct 26 15:59:04 alpha-fcd74a88d0 sshd[94259]: [0;1;39m[0;1;31m[0;1;39mpam_unix(sshd:auth): check pass; user unknown[0m
Oct 26 15:59:06 alpha-fcd74a88d0 sshd[94259]: Failed password for invalid user test2 from 113.175.189.69 port 59200 ssh2
Oct 26 15:59:07 alpha-fcd74a88d0 sshd[94259]: [0;1;39m[0;1;31m[0;1;39mpam_unix(sshd:auth): check pass; user unknown[0m
Oct 26 15:59:09 alpha-fcd74a88d0 sshd[94259]: Failed password for invalid user test2 from 113.175.189.69 port 59200 ssh2
Oct 26 15:59:11 alpha-fcd74a88d0 sshd[94259]: [0;1;39m[0;1;31m[0;1;39mpam_unix(sshd:auth): check pass; user unknown[0m
Oct 26 15:59:12 alpha-fcd74a88d0 sshd[94259]: Failed password for invalid user test2 from 113.175.189.69 port 59200 ssh2
Oct 26 15:59:14 alpha-fcd74a88d0 sshd[94259]: [0;1;39m[0;1;31m[0;1;39mpam_unix(sshd:auth): check pass; user unknown[0m
Oct 26 15:59:16 alpha-fcd74a88d0 sshd[94259]: Failed password for invalid user test2 from 113.175.189.69 port 59200 ssh2
Oct 26 15:59:17 alpha-fcd74a88d0 sshd[94259]: [0;1;31m[0;1;39m[0;1;31merror: maximum authentication attempts exceeded for invalid user test2 from 113.175.189.69 port 59200 ssh2 [preauth][0m
Oct 26 15:59:17 alpha-fcd74a88d0 sshd[94259]: Disconnecting invalid user test2 113.175.189.69 port 59200: Too many authentication failures [preauth]
Oct 26 15:59:17 alpha-fcd74a88d0 sshd[94259]: [0;1;39m[0;1;31m[0;1;39mPAM 5 more authentication failures; logname= uid=0 euid=0 tty=ssh ruser= rhost=113.175.189.69[0m
Oct 26 15:59:17 alpha-fcd74a88d0 sshd[94259]: [0;1;39m[0;1;31m[0;1;39mPAM service(sshd) ignoring max retries; 6 > 3[0m
Oct 26 15:59:20 alpha-fcd74a88d0 sshd[94261]: Invalid user test2 from 113.175.189.69 port 59499
Oct 26 15:59:20 alpha-fcd74a88d0 sshd[94261]: [0;1;39m[0;1;31m[0;1;39mpam_unix(sshd:auth): check pass; user unknown[0m
Oct 26 15:59:20 alpha-fcd74a88d0 sshd[94261]: [0;1;39m[0;1;31m[0;1;39mpam_unix(sshd:auth): authentication failure; logname= uid=0 euid=0 tty=ssh ruser= rhost=113.175.189.69[0m
Oct 26 15:59:22 alpha-fcd74a88d0 sshd[94261]: Failed password for invalid user test2 from 113.175.189.69 port 59499 ssh2
Oct 26 15:59:24 alpha-fcd74a88d0 sshd[94261]: [0;1;39m[0;1;31m[0;1;39mpam_unix(sshd:auth): check pass; user unknown[0m
Oct 26 15:59:26 alpha-fcd74a88d0 sshd[94261]: Failed password for invalid user test2 from 113.175.189.69 port 59499 ssh2
Oct 26 15:59:27 alpha-fcd74a88d0 sshd[94261]: [0;1;39m[0;1;31m[0;1;39mpam_unix(sshd:auth): check pass; user unknown[0m
Oct 26 15:59:29 alpha-fcd74a88d0 sshd[94261]: Failed password for invalid user test2 from 113.175.189.69 port 59499 ssh2
Oct 26 15:59:30 alpha-fcd74a88d0 sshd[94261]: [0;1;39m[0;1;31m[0;1;39mpam_unix(sshd:auth): check pass; user unknown[0m
Oct 26 15:59:31 alpha-fcd74a88d0 sshd[94261]: Failed password for invalid user test2 from 113.175.189.69 port 59499 ssh2
Oct 26 15:59:33 alpha-fcd74a88d0 sshd[94261]: [0;1;39m[0;1;31m[0;1;39mpam_unix(sshd:auth): check pass; user unknown[0m
Oct 26 15:59:35 alpha-fcd74a88d0 sshd[94261]: Failed password for invalid user test2 from 113.175.189.69 port 59499 ssh2
Oct 26 15:59:36 alpha-fcd74a88d0 sshd[94261]: [0;1;39m[0;1;31m[0;1;39mpam_unix(sshd:auth): check pass; user unknown[0m
Oct 26 15:59:38 alpha-fcd74a88d0 sshd[94261]: Failed password for invalid user test2 from 113.175.189.69 port 59499 ssh2
Oct 26 15:59:39 alpha-fcd74a88d0 sshd[94261]: [0;1;31m[0;1;39m[0;1;31merror: maximum authentication attempts exceeded for invalid user test2 from 113.175.189.69 port 59499 ssh2 [preauth][0m
Oct 26 15:59:39 alpha-fcd74a88d0 sshd[94261]: Disconnecting invalid user test2 113.175.189.69 port 59499: Too many authentication failures [preauth]
Oct 26 15:59:39 alpha-fcd74a88d0 sshd[94261]: [0;1;39m[0;1;31m[0;1;39mPAM 5 more authentication failures; logname= uid=0 euid=0 tty=ssh ruser= rhost=113.175.189.69[0m
Oct 26 15:59:39 alpha-fcd74a88d0 sshd[94261]: [0;1;39m[0;1;31m[0;1;39mPAM service(sshd) ignoring max retries; 6 > 3[0m
Oct 26 15:59:43 alpha-fcd74a88d0 sshd[94263]: Invalid user test2 from 113.175.189.69 port 59657
Oct 26 15:59:43 alpha-fcd74a88d0 sshd[94263]: [0;1;39m[0;1;31m[0;1;39mpam_unix(sshd:auth): check pass; user unknown[0m
Oct 26 15:59:43 alpha-fcd74a88d0 sshd[94263]: [0;1;39m[0;1;31m[0;1;39mpam_unix(sshd:auth): authentication failure; logname= uid=0 euid=0 tty=ssh ruser= rhost=113.175.189.69[0m
Oct 26 15:59:45 alpha-fcd74a88d0 sshd[94263]: Failed password for invalid user test2 from 113.175.189.69 port 59657 ssh2
Oct 26 15:59:45 alpha-fcd74a88d0 sshd[94265]: Invalid user guest from 195.142.192.2 port 50953
Oct 26 15:59:45 alpha-fcd74a88d0 sshd[94265]: [0;1;39m[0;1;31m[0;1;39mpam_unix(sshd:auth): check pass; user unknown[0m
Oct 26 15:59:45 alpha-fcd74a88d0 sshd[94265]: [0;1;39m[0;1;31m[0;1;39mpam_unix(sshd:auth): authentication failure; logname= uid=0 euid=0 tty=ssh ruser= rhost=195.142.192.2[0m
Oct 26 15:59:46 alpha-fcd74a88d0 sshd[94263]: [0;1;39m[0;1;31m[0;1;39mpam_unix(sshd:auth): check pass; user unknown[0m
Oct 26 15:59:47 alpha-fcd74a88d0 sshd[94267]: [0;1;39m[0;1;31m[0;1;39mpam_unix(sshd:auth): authentication failure; logname= uid=0 euid=0 tty=ssh ruser= rhost=104.28.206.182  user=root[0m
Oct 26 15:59:48 alpha-fcd74a88d0 sshd[94265]: Failed password for invalid user guest from 195.142.192.2 port 50953 ssh2
Oct 26 15:59:48 alpha-fcd74a88d0 sshd[94263]: Failed password for invalid user test2 from 113.175.189.69 port 59657 ssh2
Oct 26 15:59:49 alpha-fcd74a88d0 sshd[94267]: Failed password for root from 104.28.206.182 port 15770 ssh2
Oct 26 15:59:49 alpha-fcd74a88d0 sshd[94265]: Connection closed by invalid user guest 195.142.192.2 port 50953 [preauth]
Oct 26 15:59:49 alpha-fcd74a88d0 sshd[94263]: [0;1;39m[0;1;31m[0;1;39mpam_unix(sshd:auth): check pass; user unknown[0m
Oct 26 15:59:50 alpha-fcd74a88d0 sshd[94267]: Received disconnect from 104.28.206.182 port 15770:11: Bye Bye [preauth]
Oct 26 15:59:50 alpha-fcd74a88d0 sshd[94267]: Disconnected from authenticating user root 104.28.206.182 port 15770 [preauth]
Oct 26 15:59:51 alpha-fcd74a88d0 sshd[94263]: Failed password for invalid user test2 from 113.175.189.69 port 59657 ssh2
Oct 26 15:59:53 alpha-fcd74a88d0 sshd[94263]: [0;1;39m[0;1;31m[0;1;39mpam_unix(sshd:auth): check pass; user unknown[0m
Oct 26 15:59:54 alpha-fcd74a88d0 sshd[94263]: Failed password for invalid user test2 from 113.175.189.69 port 59657 ssh2
Oct 26 15:59:54 alpha-fcd74a88d0 sshd[94263]: Received disconnect from 113.175.189.69 port 59657:11: disconnected by user [preauth]
Oct 26 15:59:54 alpha-fcd74a88d0 sshd[94263]: Disconnected from invalid user test2 113.175.189.69 port 59657 [preauth]
Oct 26 15:59:54 alpha-fcd74a88d0 sshd[94263]: [0;1;39m[0;1;31m[0;1;39mPAM 3 more authentication failures; logname= uid=0 euid=0 tty=ssh ruser= rhost=113.175.189.69[0m
Oct 26 15:59:54 alpha-fcd74a88d0 sshd[94263]: [0;1;39m[0;1;31m[0;1;39mPAM service(sshd) ignoring max retries; 4 > 3[0m
Oct 26 15:59:55 alpha-fcd74a88d0 sshd[94269]: [0;1;39m[0;1;31m[0;1;39mpam_unix(sshd:auth): authentication failure; logname= uid=0 euid=0 tty=ssh ruser= rhost=129.226.208.154  user=root[0m
Oct 26 15:59:57 alpha-fcd74a88d0 sshd[94269]: Failed password for root from 129.226.208.154 port 50436 ssh2
Oct 26 15:59:57 alpha-fcd74a88d0 sshd[94269]: Received disconnect from 129.226.208.154 port 50436:11: Bye Bye [preauth]
Oct 26 15:59:57 alpha-fcd74a88d0 sshd[94269]: Disconnected from authenticating user root 129.226.208.154 port 50436 [preauth]
Oct 26 15:59:57 alpha-fcd74a88d0 sshd[94271]: Invalid user contador from 113.175.189.69 port 59763
Oct 26 15:59:57 alpha-fcd74a88d0 sshd[94271]: [0;1;39m[0;1;31m[0;1;39mpam_unix(sshd:auth): check pass; user unknown[0m
Oct 26 15:59:57 alpha-fcd74a88d0 sshd[94271]: [0;1;39m[0;1;31m[0;1;39mpam_unix(sshd:auth): authentication failure; logname= uid=0 euid=0 tty=ssh ruser= rhost=113.175.189.69[0m
Oct 26 16:00:00 alpha-fcd74a88d0 sshd[94271]: Failed password for invalid user contador from 113.175.189.69 port 59763 ssh2
Oct 26 16:00:00 alpha-fcd74a88d0 sshd[94273]: [0;1;39m[0;1;31m[0;1;39mpam_unix(sshd:auth): authentication failure; logname= uid=0 euid=0 tty=ssh ruser= rhost=124.156.194.29  user=root[0m
Oct 26 16:00:00 alpha-fcd74a88d0 sshd[94271]: [0;1;39m[0;1;31m[0;1;39mpam_unix(sshd:auth): check pass; user unknown[0m
Oct 26 16:00:01 alpha-fcd74a88d0 sshd[94273]: Failed password for root from 124.156.194.29 port 50928 ssh2
Oct 26 16:00:02 alpha-fcd74a88d0 sshd[94271]: Failed password for invalid user contador from 113.175.189.69 port 59763 ssh2
Oct 26 16:00:02 alpha-fcd74a88d0 sshd[94273]: Received disconnect from 124.156.194.29 port 50928:11: Bye Bye [preauth]
Oct 26 16:00:02 alpha-fcd74a88d0 sshd[94273]: Disconnected from authenticating user root 124.156.194.29 port 50928 [preauth]
Oct 26 16:00:04 alpha-fcd74a88d0 sshd[94271]: [0;1;39m[0;1;31m[0;1;39mpam_unix(sshd:auth): check pass; user unknown[0m
Oct 26 16:00:05 alpha-fcd74a88d0 sshd[94271]: Failed password for invalid user contador from 113.175.189.69 port 59763 ssh2
Oct 26 16:00:07 alpha-fcd74a88d0 sshd[94271]: Received disconnect from 113.175.189.69 port 59763:11: disconnected by user [preauth]
Oct 26 16:00:07 alpha-fcd74a88d0 sshd[94271]: Disconnected from invalid user contador 113.175.189.69 port 59763 [preauth]
Oct 26 16:00:07 alpha-fcd74a88d0 sshd[94271]: [0;1;39m[0;1;31m[0;1;39mPAM 2 more authentication failures; logname= uid=0 euid=0 tty=ssh ruser= rhost=113.175.189.69[0m
Oct 26 16:00:10 alpha-fcd74a88d0 sshd[94278]: Invalid user oracle from 193.57.210.68 port 33158
Oct 26 16:00:10 alpha-fcd74a88d0 sshd[94278]: [0;1;39m[0;1;31m[0;1;39mpam_unix(sshd:auth): check pass; user unknown[0m
Oct 26 16:00:10 alpha-fcd74a88d0 sshd[94278]: [0;1;39m[0;1;31m[0;1;39mpam_unix(sshd:auth): authentication failure; logname= uid=0 euid=0 tty=ssh ruser= rhost=193.57.210.68[0m
Oct 26 16:00:10 alpha-fcd74a88d0 sshd[94276]: Invalid user ubuntu from 113.175.189.69 port 59859
Oct 26 16:00:10 alpha-fcd74a88d0 sshd[94276]: [0;1;39m[0;1;31m[0;1;39mpam_unix(sshd:auth): check pass; user unknown[0m
Oct 26 16:00:10 alpha-fcd74a88d0 sshd[94276]: [0;1;39m[0;1;31m[0;1;39mpam_unix(sshd:auth): authentication failure; logname= uid=0 euid=0 tty=ssh ruser= rhost=113.175.189.69[0m
Oct 26 16:00:12 alpha-fcd74a88d0 sshd[94278]: Failed password for invalid user oracle from 193.57.210.68 port 33158 ssh2
Oct 26 16:00:12 alpha-fcd74a88d0 sshd[94276]: Failed password for invalid user ubuntu from 113.175.189.69 port 59859 ssh2
Oct 26 16:00:14 alpha-fcd74a88d0 sshd[94278]: Received disconnect from 193.57.210.68 port 33158:11: Bye Bye [preauth]
Oct 26 16:00:14 alpha-fcd74a88d0 sshd[94278]: Disconnected from invalid user oracle 193.57.210.68 port 33158 [preauth]
Oct 26 16:00:14 alpha-fcd74a88d0 sshd[94276]: [0;1;39m[0;1;31m[0;1;39mpam_unix(sshd:auth): check pass; user unknown[0m
Oct 26 16:00:15 alpha-fcd74a88d0 sshd[94280]: [0;1;39m[0;1;31m[0;1;39mpam_unix(sshd:auth): authentication failure; logname= uid=0 euid=0 tty=ssh ruser= rhost=164.90.138.56  user=root[0m
Oct 26 16:00:16 alpha-fcd74a88d0 sshd[94276]: Failed password for invalid user ubuntu from 113.175.189.69 port 59859 ssh2
Oct 26 16:00:17 alpha-fcd74a88d0 sshd[94280]: Failed password for root from 164.90.138.56 port 51112 ssh2
Oct 26 16:00:17 alpha-fcd74a88d0 sshd[94280]: Received disconnect from 164.90.138.56 port 51112:11: Bye Bye [preauth]
Oct 26 16:00:17 alpha-fcd74a88d0 sshd[94280]: Disconnected from authenticating user root 164.90.138.56 port 51112 [preauth]
Oct 26 16:00:18 alpha-fcd74a88d0 sshd[94276]: [0;1;39m[0;1;31m[0;1;39mpam_unix(sshd:auth): check pass; user unknown[0m
Oct 26 16:00:20 alpha-fcd74a88d0 sshd[94276]: Failed password for invalid user ubuntu from 113.175.189.69 port 59859 ssh2
Oct 26 16:00:21 alpha-fcd74a88d0 sshd[94276]: [0;1;39m[0;1;31m[0;1;39mpam_unix(sshd:auth): check pass; user unknown[0m
Oct 26 16:00:24 alpha-fcd74a88d0 sshd[94276]: Failed password for invalid user ubuntu from 113.175.189.69 port 59859 ssh2
Oct 26 16:00:25 alpha-fcd74a88d0 sshd[94276]: [0;1;39m[0;1;31m[0;1;39mpam_unix(sshd:auth): check pass; user unknown[0m
Oct 26 16:00:27 alpha-fcd74a88d0 sshd[94276]: Failed password for invalid user ubuntu from 113.175.189.69 port 59859 ssh2
Oct 26 16:00:28 alpha-fcd74a88d0 sshd[94276]: [0;1;39m[0;1;31m[0;1;39mpam_unix(sshd:auth): check pass; user unknown[0m
Oct 26 16:00:30 alpha-fcd74a88d0 sshd[94276]: Failed password for invalid user ubuntu from 113.175.189.69 port 59859 ssh2
Oct 26 16:00:32 alpha-fcd74a88d0 sshd[94276]: [0;1;31m[0;1;39m[0;1;31merror: maximum authentication attempts exceeded for invalid user ubuntu from 113.175.189.69 port 59859 ssh2 [preauth][0m
Oct 26 16:00:32 alpha-fcd74a88d0 sshd[94276]: Disconnecting invalid user ubuntu 113.175.189.69 port 59859: Too many authentication failures [preauth]
Oct 26 16:00:32 alpha-fcd74a88d0 sshd[94276]: [0;1;39m[0;1;31m[0;1;39mPAM 5 more authentication failures; logname= uid=0 euid=0 tty=ssh ruser= rhost=113.175.189.69[0m
Oct 26 16:00:32 alpha-fcd74a88d0 sshd[94276]: [0;1;39m[0;1;31m[0;1;39mPAM service(sshd) ignoring max retries; 6 > 3[0m
Oct 26 16:00:35 alpha-fcd74a88d0 sshd[94283]: Invalid user ubuntu from 113.175.189.69 port 60034
Oct 26 16:00:35 alpha-fcd74a88d0 sshd[94283]: [0;1;39m[0;1;31m[0;1;39mpam_unix(sshd:auth): check pass; user unknown[0m
Oct 26 16:00:35 alpha-fcd74a88d0 sshd[94283]: [0;1;39m[0;1;31m[0;1;39mpam_unix(sshd:auth): authentication failure; logname= uid=0 euid=0 tty=ssh ruser= rhost=113.175.189.69[0m
Oct 26 16:00:36 alpha-fcd74a88d0 sshd[94283]: Failed password for invalid user ubuntu from 113.175.189.69 port 60034 ssh2
